
> clientpage@0.1.0 build
> next build

Γû▓ Next.js 16.1.6 (Turbopack)
- Environments: .env.local, .env

node.exe : ΓÜá The 
"middleware" file 
convention is deprecated. 
Please use "proxy" 
instead. Learn more: https
://nextjs.org/docs/message
s/middleware-to-proxy
At line:1 char:1
+ & "C:\Program 
Files\nodejs/node.exe" 
"C:\Program 
Files\nodejs/node_mo ...
+ ~~~~~~~~~~~~~~~~~~~~~~~~
~~~~~~~~~~~~~~~~~~~~~~~~~~
~~~~~~~~~~~~~~~~~~~
    + CategoryInfo        
      : NotSpeci    fied: 
(ΓÜá The "m    
iddle...leware-to    
-proxy:String) []    , 
RemoteException
    + FullyQualifiedE    
rrorId : NativeCo    
mmandError
 
  Creating an optimized production build ...

> Build error occurred
Error: Turbopack build 
failed with 1 errors:
./utils/supabase/server.ts
:2:1
Ecmascript file had an 
error
[0m [90m 1 |[39m 
[36mimport[39m { 
createServerClient } 
[36mfrom[39m 
[32m'@supabase/ssr'[39m
[31m[1m>[22m[39m[90m 
2 |[39m [36mimport[39m 
{ cookies } 
[36mfrom[39m 
[32m'next/headers'[39m
 [90m   |[39m [31m[1m^
[22m[39m[31m[1m^[22m
[39m[31m[1m^[22m[39m[
31m[1m^[22m[39m[31m[1
m^[22m[39m[31m[1m^[22
m[39m[31m[1m^[22m[39m
[31m[1m^[22m[39m[31m
[1m^[22m[39m[31m[1m^[
22m[39m[31m[1m^[22m[3
9m[31m[1m^[22m[39m[31
m[1m^[22m[39m[31m[1m^
[22m[39m[31m[1m^[22m
[39m[31m[1m^[22m[39m[
31m[1m^[22m[39m[31m[1
m^[22m[39m[31m[1m^[22
m[39m[31m[1m^[22m[39m
[31m[1m^[22m[39m[31m
[1m^[22m[39m[31m[1m^[
22m[39m[31m[1m^[22m[3
9m[31m[1m^[22m[39m[31
m[1m^[22m[39m[31m[1m^
[22m[39m[31m[1m^[22m
[39m[31m[1m^[22m[39m[
31m[1m^[22m[39m[31m[1
m^[22m[39m[31m[1m^[22
m[39m[31m[1m^[22m[39m
[31m[1m^[22m[39m[31m
[1m^[22m[39m[31m[1m^[
22m[39m[31m[1m^[22m[3
9m[31m[1m^[22m[39m
 [90m 3 |[39m
 [90m 4 |[39m 
[36mexport[39m 
[36masync[39m 
[36mfunction[39m 
createClient() {
 [90m 5 |[39m     
[36mconst[39m 
cookieStore [33m=[39m 
[36mawait[39m 
cookies()[0m

You're importing a 
component that needs 
"next/headers". That only 
works in a Server 
Component which is not 
supported in the pages/ 
directory. Read more: http
s://nextjs.org/docs/app/bu
ilding-your-application/re
ndering/server-components



Import traces:
  #1 [Server Component]:
    
./utils/supabase/server.ts
    
./app/dashboard/layout.tsx

  #2 [Server Component]:
    
./utils/supabase/server.ts
    ./app/login/actions.ts

  #3 [Client Component 
Browser]:
    ./utils/supabase/serve
r.ts [Client Component 
Browser]
    ./lib/supabase/data-se
rvice.ts [Client 
Component Browser]
    ./app/dashboard/settin
gs/SettingsClient.tsx 
[Client Component Browser]
    ./app/dashboard/settin
gs/SettingsClient.tsx 
[Server Component]
    ./app/dashboard/settin
gs/page.tsx [Server 
Component]

  #4 [Client Component 
SSR]:
    ./utils/supabase/serve
r.ts [Client Component 
SSR]
    ./lib/supabase/data-se
rvice.ts [Client 
Component SSR]
    ./app/dashboard/settin
gs/SettingsClient.tsx 
[Client Component SSR]
    ./app/dashboard/settin
gs/SettingsClient.tsx 
[Server Component]
    ./app/dashboard/settin
gs/page.tsx [Server 
Component]


    at <unknown> (./utils/
supabase/server.ts:2:1)
